// Vitest Snapshot v1, https://vitest.dev/guide/snapshot.html

exports[`format > fixtures 1`] = `
[
  {
    "column": 11,
    "endColumn": 15,
    "endLine": 1,
    "fix": {
      "range": [
        0,
        0,
      ],
      "text": "'1';
",
    },
    "line": 1,
    "message": "Replace \`\\"1\\";\` with \`'1';⏎\`",
    "messageId": "replace",
    "nodeType": null,
    "ruleId": "dprint-integration/dprint",
    "severity": 2,
  },
  {
    "column": 6,
    "endColumn": 15,
    "endLine": 1,
    "fix": {
      "range": [
        0,
        0,
      ],
      "text": "</div>
",
    },
    "line": 1,
    "message": "Replace \`···</div>\` with \`</div>⏎\`",
    "messageId": "replace",
    "nodeType": null,
    "ruleId": "dprint-integration/dprint",
    "severity": 2,
  },
]
`;
